module Test.DuplicateImport where

import Data.Bool (not, otherwise)

foo = not otherwise
